PS C:\Users\ousse\Documents\learn_git> git init
Initialized empty Git repository in C:/Users/ousse/Documents/learn_git/.git/
PS C:\Users\ousse\Documents\learn_git> git add third.txt
PS C:\Users\ousse\Documents\learn_git> git status
On branch master

No commits yet

Changes to be committed:
  (use "git rm --cached <file>..." to unstage)
        new file:   third.txt

PS C:\Users\ousse\Documents\learn_git> git commit -m "adding third.txt"
[master (root-commit) ffc56bc] adding third.txt
 1 file changed, 0 insertions(+), 0 deletions(-)
 create mode 100644 third.txt
PS C:\Users\ousse\Documents\learn_git> git status
On branch master
nothing to commit, working tree clean
PS C:\Users\ousse\Documents\learn_git> git log
commit ffc56bcc71a8d88a009af320a92fec2949b52318 (HEAD -> master)
Author: OussamaRguez <oussema.rguez@gmail.com>
Date:   Thu Dec 29 18:03:00 2022 +0100

    adding third.txt
PS C:\Users\ousse\Documents\learn_git> git add fourth.txt
PS C:\Users\ousse\Documents\learn_git> git commit -m "adding fourth.txt"
[master 32a2317] adding fourth.txt
 1 file changed, 0 insertions(+), 0 deletions(-)
 create mode 100644 fourth.txt
PS C:\Users\ousse\Documents\learn_git> git add .
PS C:\Users\ousse\Documents\learn_git> git status
On branch master
Changes to be committed:
  (use "git restore --staged <file>..." to unstage)
        deleted:    third.txt

PS C:\Users\ousse\Documents\learn_git> git log
commit 32a231715a815371e7f478458fc8a0c0f48e7542 (HEAD -> master)
Author: OussamaRguez <oussema.rguez@gmail.com>
Date:   Thu Dec 29 18:04:14 2022 +0100

    adding fourth.txt

commit ffc56bcc71a8d88a009af320a92fec2949b52318
Author: OussamaRguez <oussema.rguez@gmail.com>
Date:   Thu Dec 29 18:03:00 2022 +0100

    adding third.txt
PS C:\Users\ousse\Documents\learn_git> git commit -m "removing third.txt"
[master 566a4bb] removing third.txt
 1 file changed, 0 insertions(+), 0 deletions(-)
 delete mode 100644 third.txt
PS C:\Users\ousse\Documents\learn_git> git log
commit 566a4bb8fb7360f752b2f1343a7400fdf9fa3f85 (HEAD -> master)
Author: OussamaRguez <oussema.rguez@gmail.com>
Date:   Thu Dec 29 18:05:31 2022 +0100

    removing third.txt

commit 32a231715a815371e7f478458fc8a0c0f48e7542
Author: OussamaRguez <oussema.rguez@gmail.com>
Date:   Thu Dec 29 18:04:14 2022 +0100

    adding fourth.txt

commit ffc56bcc71a8d88a009af320a92fec2949b52318
Author: OussamaRguez <oussema.rguez@gmail.com>
Date:   Thu Dec 29 18:03:00 2022 +0100

    adding third.txt
PS C:\Users\ousse\Documents\learn_git> config --global
config : The term 'config' is not recognized as the name of a cmdlet, function, script file, or operable 
program. Check the spelling of the name, or if a path was included, verify that the path is correct and    
try again.
At line:1 char:1
+ config --global
+ ~~~~~~
    + CategoryInfo          : ObjectNotFound: (config:String) [], CommandNotFoundException
    + FullyQualifiedErrorId : CommandNotFoundException

PS C:\Users\ousse\Documents\learn_git> git config --global user.name "Oussama Rguez"
PS C:\Users\ousse\Documents\learn_git> git config --global user.email "oussema.rguez@gmail.com"
PS C:\Users\ousse\Documents\learn_git> git config --global user.name "OussamaRguez" 
PS C:\Users\ousse\Documents\learn_git> git remote add origin https://github.com/OussamaRguez/learn_git.git
PS C:\Users\ousse\Documents\learn_git> git push -u origin main
error: src refspec main does not match any
error: failed to push some refs to 'https://github.com/OussamaRguez/learn_git.git'
PS C:\Users\ousse\Documents\learn_git> git push -u origin main
error: src refspec main does not match any
error: failed to push some refs to 'https://github.com/OussamaRguez/learn_git.git'
PS C:\Users\ousse\Documents\learn_git> git push -u origin master
Enumerating objects: 7, done.
Counting objects: 100% (7/7), done.
Delta compression using up to 8 threads
Compressing objects: 100% (4/4), done.
Writing objects: 100% (7/7), 657 bytes | 164.00 KiB/s, done.
Total 7 (delta 0), reused 0 (delta 0), pack-reused 0
To https://github.com/OussamaRguez/learn_git.git
 * [new branch]      master -> master
branch 'master' set up to track 'origin/master'.
PS C:\Users\ousse\Documents\learn_git>
PS C:\Users\ousse\Documents\learn_git> git config --global core.pager
PS C:\Users\ousse\Documents\learn_git> git config --global core.pager "cat"
PS C:\Users\ousse\Documents\learn_git> git config --global
usage: git config [<options>]

Config file location
    --global              use global config file
    --system              use system config file
    --local               use repository config file
    --worktree            use per-worktree config file
    -f, --file <file>     use given config file
    --blob <blob-id>      read config from given blob object

Action
    --get                 get value: name [value-pattern]
    --get-all             get all values: key [value-pattern]
    --get-regexp          get values for regexp: name-regex [value-pattern]
    --get-urlmatch        get value specific for the URL: section[.var] URL
    --replace-all         replace all matching variables: name value [value-pattern]
    --add                 add a new variable: name value
    --unset               remove a variable: name [value-pattern]
    --unset-all           remove all matches: name [value-pattern]
    --rename-section      rename section: old-name new-name
    --remove-section      remove a section: name
    -l, --list            list all
    --fixed-value         use string equality when comparing values to 'value-pattern'
    -e, --edit            open an editor
    --get-color           find the color configured: slot [default]
    --get-colorbool       find the color setting: slot [stdout-is-tty]

Type
    -t, --type <type>     value is given this type
    --bool                value is "true" or "false"
    --int                 value is decimal number
    --bool-or-int         value is --bool or --int
    --bool-or-str         value is --bool or string
    --path                value is a path (file or directory name)
    --expiry-date         value is an expiry date

Other
    -z, --null            terminate values with NUL byte
    --name-only           show variable names only
    --includes            respect include directives on lookup
    --show-origin         show origin of config (file, standard input, blob, command line)
    --show-scope          show scope of config (worktree, local, global, system, command)
    --default <value>     with --get, use default value when missing entry
